Iters:10
Result:0
Iters:9
Result:1
Iters:8
Result:3
Iters:7
Result:7
Iters:6
Result:15
Iters:5
Result:31
Iters:4
Result:63
Iters:3
Result:127
Iters:2
Result:255
Iters:1
Result:511
Final:1023
