Library Open File
Sys call: open
Sys call: getsize
Opened file: file.txt
Library Read File
Sys call: read
Read file:Library Close File
Sys call: close
Library Open File
Sys call: open
Sys call: getsize
Opened file: file.txt
Library Read File
Sys call: read
Read file:Library Write File
Sys call: write
Sys call: getsize
Library Close File
Sys call: close
