[INFO] Begin checking linearity, generating program info
[INFO] Generated program info, checking linearity of functions
[INFO] Checking linearity of function: main
[DEBUG] Added args to lin_map: []
[INFO] Checking function body
[INFO] Checking new block
[DEBUG] Added locals to lin_map: init_info -> Unassigned : struct point_info
new -> Unassigned : struct lin_point
second_info -> Unassigned : struct point_info

[INFO] Checking expression
[DEBUG] Expression is  "unrestricted int new.x = unrestricted int 1"
[INFO] Checking assignment expression
[DEBUG] Assignment is  "new.x = unrestricted int 1"
[INFO] Checking expression
[DEBUG] Expression is  "unrestricted int 1"
[INFO] Checking expression
[DEBUG] Expression is  "struct point_info struct point_info init_info = struct point_info { struct point_info -> unrestricted char 'a'}"
[INFO] Checking expression
[DEBUG] Expression is  "struct lin_point struct lin_point new = struct lin_point { struct lin_point -> unrestricted int 1, unrestricted int 2, struct point_info init_info}"
[INFO] Checking expression
[DEBUG] Expression is  "struct lin_point :{x, y, second_info} = struct lin_point new"
[INFO] Checking expression
[DEBUG] Expression is  "struct point_info :{c} = struct point_info second_info"
[INFO] Checking expression
[DEBUG] Expression is  "unrestricted int return(unrestricted char c)"
[DEBUG] Checked statements, lin_map: Cannot assign members of linear variable new before assignment
[DEBUG] Final lin_map for main Cannot assign members of linear variable new before assignment
[INFO] Done checking linearity

Abstract Syntax Tree:
linear struct point_info {
unrestricted char c;
};
linear struct lin_point {
unrestricted int x;
unrestricted int y;
struct point_info info;
};
unrestricted char main() {
struct lin_point new;
struct point_info init_info;
struct point_info second_info;
unrestricted int x;
unrestricted int y;
unrestricted char c;
new.x = 1;
init_info = { struct point_info -> 'a'};
new = { struct lin_point -> 1, 2, init_info};
:{x, y, second_info} = new;
:{c} = second_info;
return c;
}

Semantic Checked Abstract Syntax Tree:
linear struct point_info {
unrestricted char c;
};
linear struct lin_point {
unrestricted int x;
unrestricted int y;
struct point_info info;
};
unrestricted char main() {
struct lin_point new;
struct point_info init_info;
struct point_info second_info;
unrestricted int x;
unrestricted int y;
unrestricted char c;
unrestricted int new.x = unrestricted int 1;
struct point_info struct point_info init_info = struct point_info { struct point_info -> unrestricted char 'a'};
struct lin_point struct lin_point new = struct lin_point { struct lin_point -> unrestricted int 1, unrestricted int 2, struct point_info init_info};
struct lin_point :{x, y, second_info} = struct lin_point new;
struct point_info :{c} = struct point_info second_info;
return unrestricted char c;
}

Linearity Results:
LINEAR CHECK FAIL
Program Info:
Struct Info:
lin_point -> linear struct lin_point {
unrestricted int x;
unrestricted int y;
struct point_info info;
}
point_info -> linear struct point_info {
unrestricted char c;
}

Func Info:
[]
Linear Maps:
main -> Cannot assign members of linear variable new before assignment

