[INFO] Begin checking linearity, generating program info
[INFO] Generated program info, checking linearity of functions
[INFO] Checking linearity of function: main
[DEBUG] Added args to lin_map: []
[INFO] Checking function body
[INFO] Checking new block
[DEBUG] Added locals to lin_map: []
[INFO] Checking expression
[DEBUG] Expression is  "struct point struct point a = struct point { struct point -> unrestricted int 1, unrestricted int 2}"
[INFO] Checking assignment expression
[DEBUG] Assignment is  "struct point a = struct point { struct point -> unrestricted int 1, unrestricted int 2}"
[INFO] Checking expression
[DEBUG] Expression is  "struct point { struct point -> unrestricted int 1, unrestricted int 2}"
[INFO] Checking expression
[DEBUG] Expression is  "unrestricted int 1"
[INFO] Checking expression
[DEBUG] Expression is  "unrestricted int 2"
[INFO] Marking a as assigned
[INFO] Checking expression
[DEBUG] Expression is  "unrestricted int return(unrestricted int unrestricted int a.x + unrestricted int a.y)"
[INFO] Checking function call to return
[DEBUG] Function call args: unrestricted int unrestricted int a.x + unrestricted int a.y
[INFO] Checking expression
[DEBUG] Expression is  "unrestricted int unrestricted int a.x + unrestricted int a.y"
[INFO] Checking expression
[DEBUG] Expression is  "unrestricted int a.x"
[DEBUG] Variable a not found, assuming unrestricted
[INFO] Checking expression
[DEBUG] Expression is  "unrestricted int a.y"
[DEBUG] Variable a not found, assuming unrestricted
[DEBUG] Checked statements, lin_map: []
[INFO] Removing locally declared variables
[DEBUG] Didn't find decl a, assuming unrestricted
[DEBUG] Final lin_map for main []
[INFO] Done checking linearity

Abstract Syntax Tree:
unrestricted struct point {
unrestricted int x;
unrestricted int y;
};
unrestricted int main() {
struct point a;
a = { struct point -> 1, 2};
return a.x + a.y;
}

Semantic Checked Abstract Syntax Tree:
unrestricted struct point {
unrestricted int x;
unrestricted int y;
};
unrestricted int main() {
struct point a;
struct point struct point a = struct point { struct point -> unrestricted int 1, unrestricted int 2};
return unrestricted int unrestricted int a.x + unrestricted int a.y;
}

Linearity Results:
LINEAR CHECK SUCCESS
Program Info:
Struct Info:
[]
Func Info:
[]
Linear Maps:
main -> []


COMPILATION SUCCESS
