Fatal error: exception Failure("Not a struct type")
