[INFO] Begin checking linearity, generating program info
[INFO] Generated program info, checking linearity of functions
[INFO] Checking linearity of function: sum_floats
[DEBUG] Added args to lin_map: []
[INFO] Checking function body
[INFO] Checking new block
[DEBUG] Added locals to lin_map: []
[INFO] Checking expression
[DEBUG] Expression is  "unrestricted int return(unrestricted float unrestricted float a + unrestricted float b)"
[INFO] Checking function call to return
[DEBUG] Function call args: unrestricted float unrestricted float a + unrestricted float b
[INFO] Checking expression
[DEBUG] Expression is  "unrestricted float unrestricted float a + unrestricted float b"
[INFO] Checking expression
[DEBUG] Expression is  "unrestricted float a"
Checking lone identifier "a" (is_consumed=false)
[INFO] Checking expression
[DEBUG] Expression is  "unrestricted float b"
Checking lone identifier "b" (is_consumed=false)
[DEBUG] Checked statements, lin_map: []
[INFO] Removing locally declared variables
[DEBUG] Final lin_map for sum_floats []
[INFO] Checking linearity of function: main
[DEBUG] Added args to lin_map: []
[INFO] Checking function body
[INFO] Checking new block
[DEBUG] Added locals to lin_map: []
[INFO] Checking expression
[DEBUG] Expression is  "unrestricted float unrestricted float result = unrestricted float sum_floats(unrestricted float 1., unrestricted float 2.)"
[INFO] Checking assignment expression
[DEBUG] Assignment is  "unrestricted float result = unrestricted float sum_floats(unrestricted float 1., unrestricted float 2.)"
[INFO] Checking expression
[DEBUG] Expression is  "unrestricted float sum_floats(unrestricted float 1., unrestricted float 2.)"
[INFO] Checking function call to sum_floats
[DEBUG] Function call args: unrestricted float 1., unrestricted float 2.
[INFO] Checking expression
[DEBUG] Expression is  "unrestricted float 1."
[INFO] Checking expression
[DEBUG] Expression is  "unrestricted float 2."
[INFO] Marking result as assigned
[INFO] Checking expression
[DEBUG] Expression is  "unrestricted int return(unrestricted float result)"
[INFO] Checking function call to return
[DEBUG] Function call args: unrestricted float result
[INFO] Checking expression
[DEBUG] Expression is  "unrestricted float result"
Checking lone identifier "result" (is_consumed=true)
[INFO] Marking result as consumed
[DEBUG] Checked statements, lin_map: []
[INFO] Removing locally declared variables
[DEBUG] Didn't find decl result, assuming unrestricted
[DEBUG] Final lin_map for main []
[INFO] Done checking linearity

Abstract Syntax Tree:
unrestricted float sum_floats(unrestricted float a, unrestricted float b) {
;
;
return a + b;
}unrestricted float main() {
unrestricted float result;
result = sum_floats(1., 2.);
return result;
}

Semantic Checked Abstract Syntax Tree:
unrestricted float sum_floats(unrestricted float a, unrestricted float b) {
;
;
return unrestricted float unrestricted float a + unrestricted float b;
}unrestricted float main() {
unrestricted float result;
unrestricted float unrestricted float result = unrestricted float sum_floats(unrestricted float 1., unrestricted float 2.);
return unrestricted float result;
}

Linearity Results:
LINEAR CHECK SUCCESS
Program Info:
Struct Info:
[]
Func Info:
[]
Linear Maps:
sum_floats -> []
main -> []


COMPILATION SUCCESS
