Fatal error: exception Failure("illegal assignment unrestricted int = unrestricted float in result")
