[INFO] Begin checking linearity, generating program info
[INFO] Generated program info, checking linearity of functions
[INFO] Checking linearity of function: make
[DEBUG] Added args to lin_map: []
[INFO] Checking function body
[INFO] Checking new block
[DEBUG] Added locals to lin_map: []
[INFO] Checking expression
[DEBUG] Expression is  "unrestricted int unrestricted int b = unrestricted int 5"
[INFO] Checking assignment expression
[DEBUG] Assignment is  "unrestricted int b = unrestricted int 5"
[INFO] Checking expression
[DEBUG] Expression is  "unrestricted int 5"
[INFO] Marking b as assigned
[DEBUG] Checked statements, lin_map: []
[INFO] Removing locally declared variables
[DEBUG] Didn't find decl b, assuming unrestricted
[DEBUG] Final lin_map for make []
[INFO] Checking linearity of function: main
[DEBUG] Added args to lin_map: []
[INFO] Checking function body
[INFO] Checking new block
[DEBUG] Added locals to lin_map: []
[INFO] Checking expression
[DEBUG] Expression is  "unrestricted int unrestricted int a = unrestricted int make()"
[INFO] Checking assignment expression
[DEBUG] Assignment is  "unrestricted int a = unrestricted int make()"
[INFO] Checking expression
[DEBUG] Expression is  "unrestricted int make()"
[INFO] Checking function call to make
[DEBUG] Function call args: 
[INFO] Marking a as assigned
[INFO] Checking expression
[DEBUG] Expression is  "unrestricted int return(unrestricted int a)"
[INFO] Checking function call to return
[DEBUG] Function call args: unrestricted int a
[INFO] Checking expression
[DEBUG] Expression is  "unrestricted int a"
Checking lone identifier "a" (is_consumed=true)
[INFO] Marking a as consumed
[DEBUG] Checked statements, lin_map: []
[INFO] Removing locally declared variables
[DEBUG] Didn't find decl a, assuming unrestricted
[DEBUG] Final lin_map for main []
[INFO] Done checking linearity

Abstract Syntax Tree:
void make() {
unrestricted int b;
b = 5;
return;
}linear int main() {
unrestricted int a;
a = make();
return a;
}

Semantic Checked Abstract Syntax Tree:
void make() {
unrestricted int b;
unrestricted int unrestricted int b = unrestricted int 5;
return;
}linear int main() {
unrestricted int a;
unrestricted int unrestricted int a = unrestricted int make();
return unrestricted int a;
}

Linearity Results:
LINEAR CHECK SUCCESS
Program Info:
Struct Info:
[]
Func Info:
main -> linear int main() {
unrestricted int a;
unrestricted int unrestricted int a = unrestricted int make();
return unrestricted int a;
}

Linear Maps:
make -> []
main -> []


COMPILATION SUCCESS
