Fatal error: exception Failure("illegal argument found struct point expected ref struct point in new")
