[INFO] Begin checking linearity, generating program info
[INFO] Generated program info, checking linearity of functions
[INFO] Checking linearity of function: main
[DEBUG] Added args to lin_map: []
[INFO] Checking function body
[INFO] Checking new block
[DEBUG] Added locals to lin_map: a -> Unassigned : linear int

[INFO] Checking expression
[DEBUG] Expression is  "linear int linear int a = unrestricted int 5"
[INFO] Checking assignment expression
[DEBUG] Assignment is  "linear int a = unrestricted int 5"
[INFO] Checking expression
[DEBUG] Expression is  "unrestricted int 5"
[INFO] Marking a as assigned
[INFO] Checking expression
[DEBUG] Expression is  "linear int a"
Checking lone identifier "a" (is_consumed=false)
[INFO] Checking expression
[DEBUG] Expression is  "unrestricted int return(unrestricted int 0)"
[INFO] Checking function call to return
[DEBUG] Function call args: unrestricted int 0
[INFO] Checking expression
[DEBUG] Expression is  "unrestricted int 0"
[DEBUG] Checked statements, lin_map: a -> Assigned : linear int

[INFO] Removing locally declared variables
[INFO] Found a but is not Used
[DEBUG] Final lin_map for main Declaration a is Unconsumed
[INFO] Done checking linearity

Abstract Syntax Tree:
unrestricted int main() {
linear int a;
a = 5;
a;
return 0;
}

Semantic Checked Abstract Syntax Tree:
unrestricted int main() {
linear int a;
linear int linear int a = unrestricted int 5;
linear int a;
return unrestricted int 0;
}

Linearity Results:
LINEAR CHECK FAIL
Program Info:
Struct Info:
[]
Func Info:
[]
Linear Maps:
main -> Declaration a is Unconsumed

