[INFO] Begin checking linearity, generating program info
[INFO] Generated program info, checking linearity of functions
[INFO] Checking linearity of function: main
[DEBUG] Added args to lin_map: []
[INFO] Checking function body
[INFO] Checking new block
[DEBUG] Added locals to lin_map: []
[INFO] Checking expression
[DEBUG] Expression is  "unrestricted string unrestricted string a = unrestricted string "abc""
[INFO] Checking assignment expression
[DEBUG] Assignment is  "unrestricted string a = unrestricted string "abc""
[INFO] Checking expression
[DEBUG] Expression is  "unrestricted string "abc""
[INFO] Marking a as assigned
[INFO] Checking expression
[DEBUG] Expression is  "unrestricted int return(unrestricted string a)"
[INFO] Checking function call to return
[DEBUG] Function call args: unrestricted string a
[INFO] Checking expression
[DEBUG] Expression is  "unrestricted string a"
Checking lone identifier "a" (is_consumed=true)
[INFO] Marking a as consumed
[DEBUG] Checked statements, lin_map: []
[INFO] Removing locally declared variables
[DEBUG] Didn't find decl a, assuming unrestricted
[DEBUG] Final lin_map for main []
[INFO] Done checking linearity

Abstract Syntax Tree:
unrestricted string main() {
unrestricted string a;
a = "abc";
return a;
}

Semantic Checked Abstract Syntax Tree:
unrestricted string main() {
unrestricted string a;
unrestricted string unrestricted string a = unrestricted string "abc";
return unrestricted string a;
}

Linearity Results:
LINEAR CHECK SUCCESS
Program Info:
Struct Info:
[]
Func Info:
[]
Linear Maps:
main -> []


COMPILATION SUCCESS
