Fatal error: exception Crustyparse.MenhirBasics.Error
